Microchip MPLAB XC8 Compiler V3.10

Linker command line:

-W-3 \
  --edf=C:\Program Files\Microchip\xc8\v3.10\pic\dat\20250813170317_en.msgs \
  -cn -h+dist/default/production\motor_controller.X.production.sym \
  --cmf=dist/default/production\motor_controller.X.production.cmf -z \
  -Q16F882 -oC:\Users\user\AppData\Local\Temp\xcAs13w.0\driver_tmp_3.o \
  --defsym=__MPLAB_BUILD=1 --fixupoverflow=error \
  -Mdist/default/production/motor_controller.X.production.map \
  --md=C:\Users\user\AppData\Local\Temp\xcAs13w.0\driver_tmp_0.dat -E1 \
  -ver=XC8 Compiler -ACODE=00h-07FFh -ASTRCODE=00h-07FFh \
  -ASTRING=00h-0FFhx8 -ACONST=00h-0FFhx8 -AENTRY=00h-0FFhx8 \
  -ACOMMON=070h-07Fh -ABANK0=020h-06Fh -ABANK1=0A0h-0BFh \
  -ARAM=020h-06Fh,0A0h-0BFh -AABS1=020h-07Fh,0A0h-0BFh -ASFR0=00h-01Fh \
  -ASFR1=080h-09Fh -ASFR2=0100h-016Fh -ASFR3=0180h-01EFh \
  -ACONFIG=02007h-02008h -DCONFIG=2 -AIDLOC=02000h-02003h -DIDLOC=2 \
  -AEEDATA=00h-07Fh/02100h -peeprom_data=EEDATA -DEEDATA=2 -DCODE=2 \
  -DSTRCODE=2 -DSTRING=2 -DCONST=2 -DENTRY=2 \
  -preset_vec=00h,intentry,sivt,init,end_init -ppowerup=CODE -pcinit=CODE \
  -pfunctab=ENTRY -k \
  C:\Users\user\AppData\Local\Temp\xcAs13w.0\driver_tmp_12.o \
  dist/default/production\motor_controller.X.production.o 

Object code version is 3.11

Machine type is 16F882



                Name                               Link     Load   Length Selector   Space Scale
C:\Users\user\AppData\Local\Temp\xcAs13w.0\driver_tmp_12.o
                end_init                              0        0        1        0       0
                config                             2007     2007        1        0       4
dist/default/production\motor_controller.X.production.o
                cinit                               7F0      7F0       10      FE0       0
                config                             2007     2007        1        0       4
                text6                               6B1      6B1       14      D62       0
                text5                               6D9      6D9       23      DB2       0
                text4                               6C5      6C5       14      D8A       0
                text3                               6FC      6FC       2D      DF8       0
                text2                               729      729       41      E52       0
                text1                               6AA      6AA        7      D54       0
                maintext                            76A      76A       86      ED4       0
                cstackCOMMON                         77       77        6       70       1
                bssBANK0                             20       20        4       20       1
                bssCOMMON                            70       70        7       70       1
                bitbssCOMMON                        3E8       7D        1       70       1     8

TOTAL           Name                               Link     Load   Length     Space
        CLASS   CODE           
                end_init                              0        0        1         0
                cinit                               7F0      7F0       10         0
                text6                               6B1      6B1       14         0
                text5                               6D9      6D9       23         0
                text4                               6C5      6C5       14         0
                text3                               6FC      6FC       2D         0
                text2                               729      729       41         0
                text1                               6AA      6AA        7         0
                maintext                            76A      76A       86         0

        CLASS   STRCODE        

        CLASS   STRING         

        CLASS   CONST          

        CLASS   ENTRY          

        CLASS   COMMON         
                cstackCOMMON                         77       77        6         1
                bssCOMMON                            70       70        7         1
                bitbssCOMMON                        3E8       7D        1         1

        CLASS   BANK0          
                bssBANK0                             20       20        4         1

        CLASS   BANK1          

        CLASS   RAM            

        CLASS   ABS1           
                abs_s1                               7E       7E        2         1

        CLASS   SFR0           

        CLASS   SFR1           

        CLASS   SFR2           

        CLASS   SFR3           

        CLASS   CONFIG         
                config                             2007     2007        1         4

        CLASS   IDLOC          

        CLASS   EEDATA         

        CLASS   BANK3          

        CLASS   BANK2          

        CLASS   HEAP           

        CLASS   STACK          



SEGMENTS        Name                           Load    Length   Top    Selector   Space  Class     Delta

                reset_vec                      000000  000001  000001         0       0  CODE        2
                bssBANK0                       000020  000004  000024        20       1  BANK0       1
                bssCOMMON                      000070  00000E  00007E        70       1  COMMON      1
                text1                          0006AA  000007  0006B1       D54       0  CODE        2
                text6                          0006B1  000014  0006C5       D62       0  CODE        2
                text4                          0006C5  000014  0006D9       D8A       0  CODE        2
                text5                          0006D9  000023  0006FC       DB2       0  CODE        2
                text3                          0006FC  00002D  000729       DF8       0  CODE        2
                text2                          000729  000041  00076A       E52       0  CODE        2
                maintext                       00076A  000086  0007F0       ED4       0  CODE        2
                cinit                          0007F0  000010  000800       FE0       0  CODE        2


UNUSED ADDRESS RANGES

        Name                Unused          Largest block    Delta
        BANK0            0024-006F             4C           1
        BANK1            00A0-00BF             20           1
        CODE             0001-06A9            6A9           2
        CONFIG           2008-2008              1           2
        CONST            0001-06A9            100           2
        EEDATA           2100-217F             80           2
        ENTRY            0001-06A9            100           2
        IDLOC            2000-2003              4           2
        RAM              0024-006F             4C           1
                         00A0-00BF             20
        SFR0             0000-001F             20           1
        SFR1             0080-009F             20           1
        SFR2             0100-016F             70           1
        SFR3             0180-01EF             70           1
        STRCODE          0001-06A9            6A9           2
        STRING           0001-06A9            100           2

                                  Symbol Table

_ANSEL                        (abs)        0188
_ANSELH                       (abs)        0189
_OSCCON                       (abs)        008F
_PORTB                        (abs)        0006
_PORTC                        (abs)        0007
_RA1                          (abs)        0029
_RA2                          (abs)        002A
_RA3                          (abs)        002B
_RB4                          (abs)        0034
_RB5                          (abs)        0035
_RB6                          (abs)        0036
_RB7                          (abs)        0037
_RC1                          (abs)        0039
_RC3                          (abs)        003B
_RC4                          (abs)        003C
_RC6                          (abs)        003E
_TRISA                        (abs)        0085
_TRISB                        (abs)        0086
_TRISC                        (abs)        0087
__H__absolute__               __absolute__ 0000
__Habs1                       abs1         0000
__Hbank0                      bank0        0000
__Hbank1                      bank1        0000
__Hbank2                      bank2        0000
__Hbank3                      bank3        0000
__HbitbssCOMMON               bitbssCOMMON 0000
__HbssBANK0                   bssBANK0     0000
__HbssCOMMON                  bssCOMMON    0000
__Hcinit                      cinit        0800
__Hclrtext                    clrtext      0000
__Hcode                       code         0000
__Hcommon                     common       0000
__Hconfig                     config       2008
__HcstackCOMMON               cstackCOMMON 0000
__Heeprom_data                eeprom_data  0000
__Hend_init                   end_init     0001
__Hfunctab                    functab      0000
__Hheap                       heap         0000
__Hinit                       init         0000
__Hintentry                   intentry     0000
__Hmaintext                   maintext     0000
__Hpowerup                    powerup      0000
__Hram                        ram          0000
__Hreset_vec                  reset_vec    0000
__Hsfr0                       sfr0         0000
__Hsfr1                       sfr1         0000
__Hsfr2                       sfr2         0000
__Hsfr3                       sfr3         0000
__Hsivt                       sivt         0000
__Hspace_0                    (abs)        0800
__Hspace_1                    (abs)        03E9
__Hspace_2                    (abs)        0000
__Hspace_3                    (abs)        0000
__Hspace_4                    (abs)        400F
__Hstack                      stack        0000
__Hstrings                    strings      0000
__Htext                       text         0000
__L__absolute__               __absolute__ 0000
__Labs1                       abs1         0000
__Lbank0                      bank0        0000
__Lbank1                      bank1        0000
__Lbank2                      bank2        0000
__Lbank3                      bank3        0000
__LbitbssCOMMON               bitbssCOMMON 0000
__LbssBANK0                   bssBANK0     0000
__LbssCOMMON                  bssCOMMON    0000
__Lcinit                      cinit        07F0
__Lclrtext                    clrtext      0000
__Lcode                       code         0000
__Lcommon                     common       0000
__Lconfig                     config       0000
__LcstackCOMMON               cstackCOMMON 0000
__Leeprom_data                eeprom_data  0000
__Lend_init                   end_init     0000
__Lfunctab                    functab      0000
__Lheap                       heap         0000
__Linit                       init         0000
__Lintentry                   intentry     0000
__Lmaintext                   maintext     0000
__Lpowerup                    powerup      0000
__Lram                        ram          0000
__Lreset_vec                  reset_vec    0000
__Lsfr0                       sfr0         0000
__Lsfr1                       sfr1         0000
__Lsfr2                       sfr2         0000
__Lsfr3                       sfr3         0000
__Lsivt                       sivt         0000
__Lspace_0                    (abs)        0000
__Lspace_1                    (abs)        0000
__Lspace_2                    (abs)        0000
__Lspace_3                    (abs)        0000
__Lspace_4                    (abs)        0000
__Lstack                      stack        0000
__Lstrings                    strings      0000
__Ltext                       text         0000
__S0                          (abs)        0800
__S1                          (abs)        007E
__S3                          (abs)        0000
___heap_hi                    (abs)        0000
___heap_lo                    (abs)        0000
___int_sp                     stack        0000
___int_stack_hi               stack        0000
___int_stack_lo               stack        0000
___latbits                    (abs)        0000
___sp                         stack        0000
___stack_hi                   stack        0000
___stack_lo                   stack        0000
___stackhi                    (abs)        0000
___stacklo                    (abs)        0000
__end_of__initialization      cinit        07FE
__end_of_alarm                text6        06C5
__end_of_dry_run_check        text5        06FC
__end_of_init_hw              text4        06D9
__end_of_main                 maintext     07F0
__end_of_pump_led_blink       text3        0729
__end_of_relay2_on_pump_start text2        076A
__end_of_reset_relay2_logic   text1        06B1
__initialization              cinit        07F0
__pbitbssCOMMON               bitbssCOMMON 03E8
__pbssBANK0                   bssBANK0     0020
__pbssCOMMON                  bssCOMMON    0070
__pcstackCOMMON               cstackCOMMON 0077
__pmaintext                   maintext     076A
__ptext1                      text1        06AA
__ptext2                      text2        0729
__ptext3                      text3        06FC
__ptext4                      text4        06C5
__ptext5                      text5        06D9
__ptext6                      text6        06B1
_alarm                        text6        06B1
_blink_cnt                    bssBANK0     0020
_blink_state                  bitbssCOMMON 03E8
_dry_run                      bssBANK0     0022
_dry_run_check                text5        06D9
_dry_run_timer                bssCOMMON    0072
_init_hw                      text4        06C5
_main                         maintext     076A
_motor_on                     bssCOMMON    0070
_pump_led_blink               text3        06FC
_r2_state                     bssCOMMON    0076
_r2_timer                     bssCOMMON    0074
_relay2_on_pump_start         text2        0729
_reset_relay2_logic           text1        06AA
btemp                         (abs)        007E
btemp0                        (abs)        007E
btemp1                        (abs)        007F
end_of_initialization         cinit        07FE
intlevel0                     functab      0000
intlevel1                     functab      0000
intlevel2                     functab      0000
intlevel3                     functab      0000
intlevel4                     functab      0000
intlevel5                     functab      0000
ltemp0a                       (abs)        0080
reset_vec                     reset_vec    0000
start                         init         0000
start_initialization          cinit        07F0
ttemp0a                       (abs)        007F
wtemp0                        (abs)        007E
wtemp0a                       (abs)        007F


MODULE INFORMATION

Module		Function		Class		Link	Load	Size
shared
		__initialization		CODE           	07F0	0000	14

shared estimated size: 14

main.c
		_init_hw       		CODE           	06C5	0000	20
		_alarm         		CODE           	06B1	0000	20
		_relay2_on_pump_start		CODE           	0729	0000	65
		_main          		CODE           	076A	0000	134
		_pump_led_blink		CODE           	06FC	0000	45
		_reset_relay2_logic		CODE           	06AA	0000	7
		_dry_run_check 		CODE           	06D9	0000	35

main.c estimated size: 326

